<?xml version="1.0" encoding="utf-8"?><testsuites><testsuite name="pytest" errors="0" failures="0" skipped="0" tests="0" time="0.010" timestamp="2023-09-29T09:19:17.213488" hostname="Tanays-MacBook-Pro.local" /></testsuites>